Quality Check Log
File:      ASMS_results_2_all.csv
Generated: 2026-05-12T13:44:10
============================================================

Check 1: File opens without errors
  Result : PASS
  Detail : file opens for reading

Check 2: File is a CSV (extension)
  Result : PASS
  Detail : extension is '.csv'

Check 3: File is not empty
  Result : PASS
  Detail : file size is 60,933,986 bytes (58.11 MB)

Check 4: File size is under 10 GB
  Result : PASS
  Detail : file size 0.0567 GB is within the 10 GB limit

Check 5: File encoding is UTF-8
  Result : PASS
  Detail : decodes as UTF-8

Check 6: File is a CSV (parseable content)
  Result : PASS
  Detail : parsed as CSV with 28 columns and 85,224 rows. Columns: ASMS_BATCH_NUM, COMPOUND_ID, COMPOUND_FORMULA, SMILES, POOL_NAME, POOL_ID, POOL_SIZE, PROTEIN_NUMBER, TARGET_ID, PROTEIN_ID, PROTEIN_SEQ, PROTEIN_TAG, INCUBATION_VOLUME, PROTEIN_CONC, COMPOUND_CONC, MS_REPRODUCABILITY, POS_INT_REP1, POS_INT_REP2, POS_INT_REP3, TARGET_VALUE, SELECTIVE_VALUE, NTC_VALUE, ENRICHMENT, SELECTIVE_ENRICHMENT, PVALUE, BINARY_LABEL, SPR, KD

============================================================
Overall : PASS
